commit with an empty message without specifying the "--allow-empty-message" flag
Error executing command.
